// Jest Snapshot v1, https://goo.gl/fbAQLP

exports[`Component should show 'red' text 'Hello World' 1`] = `
<div
  className="grid-body"
>
  <p
    className="empty-grid"
  >
    Hello World
  </p>
</div>
`;
